=== KB 采集 20260920T030427 · 16 渠道 ===
    [i] 正文补全 26/26（exa）
[+] HN Show HN             ok         40条   70.0s 40/40 hits | new=0 chg=40
[+] GitHub 新星仓库            ok         28条   15.5s 28 repos;  | new=0 chg=28
    [i] 正文补全 0/3（exa）
[+] Reddit 独立开发版块          ok         27条   49.5s 27 posts;  | new=7 chg=20
    [i] 正文补全 20/20（exa）
[+] Lobsters               ok         20条   41.5s 21 stories | new=0 chg=20
[+] dev.to                 ok          5条    6.6s 5 articles | new=0 chg=5
    [i] 正文补全 10/10（exa）
[+] HN 首页（非 Show HN）       ok         18条   27.7s 18/18 hits | new=18 chg=0
[+] Product Hunt           ok         30条    5.1s 30 entries | new=1 chg=29
    [i] 正文补全 18/18（exa）
[+] Indie Hackers 产品库      ok         18条   32.1s 18 products | new=0 chg=18
    [i] 正文补全 12/12（exa）
[+] BetaList               ok         12条   15.6s 12 startups | new=2 chg=10
[+] App Store 榜单           ok         10条   37.0s 38 apps（过滤大厂 12） | new=3 chg=7
    [i] 正文补全 2/2（exa）
[+] V2EX                   ok         25条   10.7s 81 topics | new=0 chg=25
    [i] 正文补全 12/15（exa）
[+] 1c7 中文独立开发者名录          ok         17条   29.0s 17 entries | new=0 chg=17
    [i] 正文补全 6/6（exa）
[+] 少数派                    ok         10条    9.4s 10 entries | new=0 chg=10
[+] B站                     ok         12条    4.0s 53 videos | new=0 chg=12
[K] 小红书                    auth        0条   46.9s 需 OpenCLI 浏览器扩展/登录态：(node:20572) [UNDICI-EHPA] Warning: EnvHttpProxyAgent is experimental,
[K] X / Twitter            auth        0条   46.4s 需 OpenCLI 浏览器扩展/登录态：(node:28892) [UNDICI-EHPA] Warning: EnvHttpProxyAgent is experimental,
=== 完成：272 条（新 31）· 运行记录 F:\AIProject\CollectProjectAndDetails\_meta\runs\20260920T030427.json ===
